NO19_AFFINE_BASIS_CROSSCHECK.py: OK
NO19_CASE_II_DD.cpp: OK
NO19_CASE_II_DQ.cpp: OK
NO19_CASE_I_PP.cpp: OK
NO19_CASE_I_PQ_PPERM_QSING.cpp: OK
NO19_CASE_I_PQ_PSING_QANY.cpp: OK
NO19_CASE_O_PP.cpp: OK
NO19_CASE_O_PQ_PPERM_QSING.cpp: OK
NO19_CASE_O_PQ_PSING_QANY.cpp: OK
NO19_DIRECT_WORD_AUDIT.py: OK
NO19_EXACT9_WITNESS_CHECK.py: OK
NO19_II_DD_ORBIT_AUDIT_INDEPENDENT.cpp: OK
NO19_II_DD_ORBIT_AUDIT_R4.out: OK
NO19_LOCAL_SURVIVOR_CROSSBRANCH_SPOTCHECK.py: OK
NO19_LOCAL_SURVIVOR_CROSSBRANCH_SPOTCHECK_R4.out: OK
NO19_LOCAL_SURVIVOR_SAMPLES.txt: OK
NO19_SINGULAR_COUNTS_THIRD_BRUTE.cpp: OK
NO19_SINGULAR_COUNTS_THIRD_BRUTE_R4.out: OK
NO19_UNARY_COUNTS_INDEPENDENT_V2.cpp: OK
NO19_UNARY_COUNTS_INDEPENDENT_V2.out: OK
NO19_UNARY_SAFE_ENUMERATOR.cpp: OK
OUT_II_DD.txt: OK
OUT_II_DQ.txt: OK
OUT_II_DQ_BASE.txt: OK
OUT_I_PP.txt: OK
OUT_I_PQ_PPERM_QSING.txt: OK
OUT_I_PQ_PSING_QANY.txt: OK
OUT_O_PP.txt: OK
OUT_O_PQ_PPERM_QSING.txt: OK
OUT_O_PQ_PSING_QANY.txt: OK
README_CERTIFIER.md: OK
REVIEW_RESPONSE_R4_20260923.md: OK
RUN_ALL.sh: OK
Yonezu_2026_No19_Exact_Nine_Step_REVIEW_R4.pdf: OK
Yonezu_2026_No19_Exact_Nine_Step_REVIEW_R4.tex: OK
